// Jest Snapshot v1, https://goo.gl/fbAQLP

exports[`ListCities correctly rendered 1`] = `
<section
  className="locations container"
>
  <ul
    className="locations__list tabs__list"
  >
    <li
      className="locations__item"
    >
      <a
        className="locations__item-link tabs__item tabs__item--active"
        href="#"
        onClick={[Function]}
      >
        <span>
          Minsk
        </span>
      </a>
    </li>
    <li
      className="locations__item"
    >
      <a
        className="locations__item-link tabs__item "
        href="#"
        onClick={[Function]}
      >
        <span>
          London
        </span>
      </a>
    </li>
    <li
      className="locations__item"
    >
      <a
        className="locations__item-link tabs__item "
        href="#"
        onClick={[Function]}
      >
        <span>
          Paris
        </span>
      </a>
    </li>
  </ul>
</section>
`;
